_outputList = nil
 _envSaveOptions = nil
savedComponent = (let
(tmp1)
(unless tmp1
tmp1 = make_sevOutputStruct()
)
(unless tmp1
tmp1 = (ncons nil)
)
tmp1->definedIn = ""
tmp1->name = "'00000"
tmp1->expression = (let
(tmp1 tmp2)
tmp1 = 'average
tmp2 = (let
(tmp1 tmp2 tmp3 tmp4)
tmp1 = 'clip
tmp2 = (let
(tmp1 tmp2 tmp3 tmp4)
tmp1 = 'getData
tmp2 = ":pwr"
tmp3 = '?result
tmp4 = "tran"
list(tmp1 tmp2 tmp3 tmp4)
)
tmp3 = 1.0000000000000001e-09
tmp4 = 6.9999999999999998e-09
list(tmp1 tmp2 tmp3 tmp4)
)
list(tmp1 tmp2)
)
tmp1->signal = nil
tmp1->scriptFile = ""
tmp1->type2 = nil
tmp1->evalType = nil
tmp1->displayIt = 't
tmp1->internalName = nil
tmp1->masterName = nil
tmp1->masterScriptFile = nil
tmp1->saveScriptFile = nil
tmp1->updatedScriptFile = nil
tmp1->saveMasterScriptFile = nil
tmp1->isReferenced = nil
tmp1->lastEvalTime = nil
tmp1->origin = nil
tmp1->sweepSet = nil
tmp1->depList = nil
tmp1->type = nil
tmp1->areaTable = nil
tmp1->selectionDetail = nil
tmp1->value = nil
tmp1->plot = 't
tmp1->save = nil
tmp1->march = nil
tmp1->implicit = nil
tmp1->index = 1
tmp1->timeStamp = nil
tmp1->graphType = nil
tmp1->yaxisLabel = nil
tmp1->label = nil
tmp1->yaxisUnit = nil
tmp1->waveSpec = nil
tmp1->uniqueName = "'00000"
tmp1->inValidObject = (let
(tmp1 tmp2)
tmp1 = 't
tmp2 = "'00000"
list(tmp1 tmp2)
)
list(tmp1)
)
_outputList = nconc( _outputList savedComponent) 
savedComponent = nil 
savedComponent = (let
(tmp1)
(unless tmp1
tmp1 = make_sevOutputStruct()
)
(unless tmp1
tmp1 = (ncons nil)
)
tmp1->definedIn = ""
tmp1->name = "'10000"
tmp1->expression = (let
(tmp1 tmp2)
tmp1 = 'average
tmp2 = (let
(tmp1 tmp2 tmp3 tmp4)
tmp1 = 'clip
tmp2 = (let
(tmp1 tmp2 tmp3 tmp4)
tmp1 = 'getData
tmp2 = ":pwr"
tmp3 = '?result
tmp4 = "tran"
list(tmp1 tmp2 tmp3 tmp4)
)
tmp3 = 1.7000000000000000e-08
tmp4 = 2.3000000000000001e-08
list(tmp1 tmp2 tmp3 tmp4)
)
list(tmp1 tmp2)
)
tmp1->signal = nil
tmp1->scriptFile = ""
tmp1->type2 = nil
tmp1->evalType = nil
tmp1->displayIt = 't
tmp1->internalName = nil
tmp1->masterName = nil
tmp1->masterScriptFile = nil
tmp1->saveScriptFile = nil
tmp1->updatedScriptFile = nil
tmp1->saveMasterScriptFile = nil
tmp1->isReferenced = nil
tmp1->lastEvalTime = nil
tmp1->origin = nil
tmp1->sweepSet = nil
tmp1->depList = nil
tmp1->type = nil
tmp1->areaTable = nil
tmp1->selectionDetail = nil
tmp1->value = nil
tmp1->plot = 't
tmp1->save = nil
tmp1->march = nil
tmp1->implicit = nil
tmp1->index = 2
tmp1->timeStamp = nil
tmp1->graphType = nil
tmp1->yaxisLabel = nil
tmp1->label = nil
tmp1->yaxisUnit = nil
tmp1->waveSpec = nil
tmp1->uniqueName = "'10000"
tmp1->inValidObject = (let
(tmp1 tmp2)
tmp1 = 't
tmp2 = "'10000"
list(tmp1 tmp2)
)
list(tmp1)
)
_outputList = nconc( _outputList savedComponent) 
savedComponent = nil 
savedComponent = (let
(tmp1)
(unless tmp1
tmp1 = make_sevOutputStruct()
)
(unless tmp1
tmp1 = (ncons nil)
)
tmp1->definedIn = ""
tmp1->name = "'01000"
tmp1->expression = (let
(tmp1 tmp2)
tmp1 = 'average
tmp2 = (let
(tmp1 tmp2 tmp3 tmp4)
tmp1 = 'clip
tmp2 = (let
(tmp1 tmp2 tmp3 tmp4)
tmp1 = 'getData
tmp2 = ":pwr"
tmp3 = '?result
tmp4 = "tran"
list(tmp1 tmp2 tmp3 tmp4)
)
tmp3 = 3.2999999999999998e-08
tmp4 = 3.8999999999999998e-08
list(tmp1 tmp2 tmp3 tmp4)
)
list(tmp1 tmp2)
)
tmp1->signal = nil
tmp1->scriptFile = ""
tmp1->type2 = nil
tmp1->evalType = nil
tmp1->displayIt = 't
tmp1->internalName = nil
tmp1->masterName = nil
tmp1->masterScriptFile = nil
tmp1->saveScriptFile = nil
tmp1->updatedScriptFile = nil
tmp1->saveMasterScriptFile = nil
tmp1->isReferenced = nil
tmp1->lastEvalTime = nil
tmp1->origin = nil
tmp1->sweepSet = nil
tmp1->depList = nil
tmp1->type = nil
tmp1->areaTable = nil
tmp1->selectionDetail = nil
tmp1->value = nil
tmp1->plot = 't
tmp1->save = nil
tmp1->march = nil
tmp1->implicit = nil
tmp1->index = 3
tmp1->timeStamp = nil
tmp1->graphType = nil
tmp1->yaxisLabel = nil
tmp1->label = nil
tmp1->yaxisUnit = nil
tmp1->waveSpec = nil
tmp1->uniqueName = "'01000"
tmp1->inValidObject = (let
(tmp1 tmp2)
tmp1 = 't
tmp2 = "'01000"
list(tmp1 tmp2)
)
list(tmp1)
)
_outputList = nconc( _outputList savedComponent) 
savedComponent = nil 
savedComponent = (let
(tmp1)
(unless tmp1
tmp1 = make_sevOutputStruct()
)
(unless tmp1
tmp1 = (ncons nil)
)
tmp1->definedIn = ""
tmp1->name = "'11000"
tmp1->expression = (let
(tmp1 tmp2)
tmp1 = 'average
tmp2 = (let
(tmp1 tmp2 tmp3 tmp4)
tmp1 = 'clip
tmp2 = (let
(tmp1 tmp2 tmp3 tmp4)
tmp1 = 'getData
tmp2 = ":pwr"
tmp3 = '?result
tmp4 = "tran"
list(tmp1 tmp2 tmp3 tmp4)
)
tmp3 = 4.9000000000000002e-08
tmp4 = 5.5000000000000003e-08
list(tmp1 tmp2 tmp3 tmp4)
)
list(tmp1 tmp2)
)
tmp1->signal = nil
tmp1->scriptFile = ""
tmp1->type2 = nil
tmp1->evalType = nil
tmp1->displayIt = 't
tmp1->internalName = nil
tmp1->masterName = nil
tmp1->masterScriptFile = nil
tmp1->saveScriptFile = nil
tmp1->updatedScriptFile = nil
tmp1->saveMasterScriptFile = nil
tmp1->isReferenced = nil
tmp1->lastEvalTime = nil
tmp1->origin = nil
tmp1->sweepSet = nil
tmp1->depList = nil
tmp1->type = nil
tmp1->areaTable = nil
tmp1->selectionDetail = nil
tmp1->value = nil
tmp1->plot = 't
tmp1->save = nil
tmp1->march = nil
tmp1->implicit = nil
tmp1->index = 4
tmp1->timeStamp = nil
tmp1->graphType = nil
tmp1->yaxisLabel = nil
tmp1->label = nil
tmp1->yaxisUnit = nil
tmp1->waveSpec = nil
tmp1->uniqueName = "'11000"
tmp1->inValidObject = (let
(tmp1 tmp2)
tmp1 = 't
tmp2 = "'11000"
list(tmp1 tmp2)
)
list(tmp1)
)
_outputList = nconc( _outputList savedComponent) 
savedComponent = nil 
savedComponent = (let
(tmp1)
(unless tmp1
tmp1 = make_sevOutputStruct()
)
(unless tmp1
tmp1 = (ncons nil)
)
tmp1->definedIn = ""
tmp1->name = "'00100"
tmp1->expression = (let
(tmp1 tmp2)
tmp1 = 'average
tmp2 = (let
(tmp1 tmp2 tmp3 tmp4)
tmp1 = 'clip
tmp2 = (let
(tmp1 tmp2 tmp3 tmp4)
tmp1 = 'getData
tmp2 = ":pwr"
tmp3 = '?result
tmp4 = "tran"
list(tmp1 tmp2 tmp3 tmp4)
)
tmp3 = 6.5000000000000000e-08
tmp4 = 7.1000000000000000e-08
list(tmp1 tmp2 tmp3 tmp4)
)
list(tmp1 tmp2)
)
tmp1->signal = nil
tmp1->scriptFile = ""
tmp1->type2 = nil
tmp1->evalType = nil
tmp1->displayIt = 't
tmp1->internalName = nil
tmp1->masterName = nil
tmp1->masterScriptFile = nil
tmp1->saveScriptFile = nil
tmp1->updatedScriptFile = nil
tmp1->saveMasterScriptFile = nil
tmp1->isReferenced = nil
tmp1->lastEvalTime = nil
tmp1->origin = nil
tmp1->sweepSet = nil
tmp1->depList = nil
tmp1->type = nil
tmp1->areaTable = nil
tmp1->selectionDetail = nil
tmp1->value = nil
tmp1->plot = 't
tmp1->save = nil
tmp1->march = nil
tmp1->implicit = nil
tmp1->index = 5
tmp1->timeStamp = nil
tmp1->graphType = nil
tmp1->yaxisLabel = nil
tmp1->label = nil
tmp1->yaxisUnit = nil
tmp1->waveSpec = nil
tmp1->uniqueName = "'00100"
tmp1->inValidObject = (let
(tmp1 tmp2)
tmp1 = 't
tmp2 = "'00100"
list(tmp1 tmp2)
)
list(tmp1)
)
_outputList = nconc( _outputList savedComponent) 
savedComponent = nil 
savedComponent = (let
(tmp1)
(unless tmp1
tmp1 = make_sevOutputStruct()
)
(unless tmp1
tmp1 = (ncons nil)
)
tmp1->definedIn = ""
tmp1->name = "'10100"
tmp1->expression = (let
(tmp1 tmp2)
tmp1 = 'average
tmp2 = (let
(tmp1 tmp2 tmp3 tmp4)
tmp1 = 'clip
tmp2 = (let
(tmp1 tmp2 tmp3 tmp4)
tmp1 = 'getData
tmp2 = ":pwr"
tmp3 = '?result
tmp4 = "tran"
list(tmp1 tmp2 tmp3 tmp4)
)
tmp3 = 8.0999999999999997e-08
tmp4 = 8.6999999999999998e-08
list(tmp1 tmp2 tmp3 tmp4)
)
list(tmp1 tmp2)
)
tmp1->signal = nil
tmp1->scriptFile = ""
tmp1->type2 = nil
tmp1->evalType = nil
tmp1->displayIt = 't
tmp1->internalName = nil
tmp1->masterName = nil
tmp1->masterScriptFile = nil
tmp1->saveScriptFile = nil
tmp1->updatedScriptFile = nil
tmp1->saveMasterScriptFile = nil
tmp1->isReferenced = nil
tmp1->lastEvalTime = nil
tmp1->origin = nil
tmp1->sweepSet = nil
tmp1->depList = nil
tmp1->type = nil
tmp1->areaTable = nil
tmp1->selectionDetail = nil
tmp1->value = nil
tmp1->plot = 't
tmp1->save = nil
tmp1->march = nil
tmp1->implicit = nil
tmp1->index = 6
tmp1->timeStamp = nil
tmp1->graphType = nil
tmp1->yaxisLabel = nil
tmp1->label = nil
tmp1->yaxisUnit = nil
tmp1->waveSpec = nil
tmp1->uniqueName = "'10100"
tmp1->inValidObject = (let
(tmp1 tmp2)
tmp1 = 't
tmp2 = "'10100"
list(tmp1 tmp2)
)
list(tmp1)
)
_outputList = nconc( _outputList savedComponent) 
savedComponent = nil 
savedComponent = (let
(tmp1)
(unless tmp1
tmp1 = make_sevOutputStruct()
)
(unless tmp1
tmp1 = (ncons nil)
)
tmp1->definedIn = ""
tmp1->name = "'01100"
tmp1->expression = (let
(tmp1 tmp2)
tmp1 = 'average
tmp2 = (let
(tmp1 tmp2 tmp3 tmp4)
tmp1 = 'clip
tmp2 = (let
(tmp1 tmp2 tmp3 tmp4)
tmp1 = 'getData
tmp2 = ":pwr"
tmp3 = '?result
tmp4 = "tran"
list(tmp1 tmp2 tmp3 tmp4)
)
tmp3 = 9.6999999999999995e-08
tmp4 = 1.0300000000000000e-07
list(tmp1 tmp2 tmp3 tmp4)
)
list(tmp1 tmp2)
)
tmp1->signal = nil
tmp1->scriptFile = ""
tmp1->type2 = nil
tmp1->evalType = nil
tmp1->displayIt = 't
tmp1->internalName = nil
tmp1->masterName = nil
tmp1->masterScriptFile = nil
tmp1->saveScriptFile = nil
tmp1->updatedScriptFile = nil
tmp1->saveMasterScriptFile = nil
tmp1->isReferenced = nil
tmp1->lastEvalTime = nil
tmp1->origin = nil
tmp1->sweepSet = nil
tmp1->depList = nil
tmp1->type = nil
tmp1->areaTable = nil
tmp1->selectionDetail = nil
tmp1->value = nil
tmp1->plot = 't
tmp1->save = nil
tmp1->march = nil
tmp1->implicit = nil
tmp1->index = 7
tmp1->timeStamp = nil
tmp1->graphType = nil
tmp1->yaxisLabel = nil
tmp1->label = nil
tmp1->yaxisUnit = nil
tmp1->waveSpec = nil
tmp1->uniqueName = "'01100"
tmp1->inValidObject = (let
(tmp1 tmp2)
tmp1 = 't
tmp2 = "'01100"
list(tmp1 tmp2)
)
list(tmp1)
)
_outputList = nconc( _outputList savedComponent) 
savedComponent = nil 
savedComponent = (let
(tmp1)
(unless tmp1
tmp1 = make_sevOutputStruct()
)
(unless tmp1
tmp1 = (ncons nil)
)
tmp1->definedIn = ""
tmp1->name = "'11100"
tmp1->expression = (let
(tmp1 tmp2)
tmp1 = 'average
tmp2 = (let
(tmp1 tmp2 tmp3 tmp4)
tmp1 = 'clip
tmp2 = (let
(tmp1 tmp2 tmp3 tmp4)
tmp1 = 'getData
tmp2 = ":pwr"
tmp3 = '?result
tmp4 = "tran"
list(tmp1 tmp2 tmp3 tmp4)
)
tmp3 = 1.1300000000000001e-07
tmp4 = 1.1899999999999999e-07
list(tmp1 tmp2 tmp3 tmp4)
)
list(tmp1 tmp2)
)
tmp1->signal = nil
tmp1->scriptFile = ""
tmp1->type2 = nil
tmp1->evalType = nil
tmp1->displayIt = 't
tmp1->internalName = nil
tmp1->masterName = nil
tmp1->masterScriptFile = nil
tmp1->saveScriptFile = nil
tmp1->updatedScriptFile = nil
tmp1->saveMasterScriptFile = nil
tmp1->isReferenced = nil
tmp1->lastEvalTime = nil
tmp1->origin = nil
tmp1->sweepSet = nil
tmp1->depList = nil
tmp1->type = nil
tmp1->areaTable = nil
tmp1->selectionDetail = nil
tmp1->value = nil
tmp1->plot = 't
tmp1->save = nil
tmp1->march = nil
tmp1->implicit = nil
tmp1->index = 8
tmp1->timeStamp = nil
tmp1->graphType = nil
tmp1->yaxisLabel = nil
tmp1->label = nil
tmp1->yaxisUnit = nil
tmp1->waveSpec = nil
tmp1->uniqueName = "'11100"
tmp1->inValidObject = (let
(tmp1 tmp2)
tmp1 = 't
tmp2 = "'11100"
list(tmp1 tmp2)
)
list(tmp1)
)
_outputList = nconc( _outputList savedComponent) 
savedComponent = nil 
savedComponent = (let
(tmp1)
(unless tmp1
tmp1 = make_sevOutputStruct()
)
(unless tmp1
tmp1 = (ncons nil)
)
tmp1->definedIn = ""
tmp1->name = "'00010"
tmp1->expression = (let
(tmp1 tmp2)
tmp1 = 'average
tmp2 = (let
(tmp1 tmp2 tmp3 tmp4)
tmp1 = 'clip
tmp2 = (let
(tmp1 tmp2 tmp3 tmp4)
tmp1 = 'getData
tmp2 = ":pwr"
tmp3 = '?result
tmp4 = "tran"
list(tmp1 tmp2 tmp3 tmp4)
)
tmp3 = 1.2900000000000000e-07
tmp4 = 1.3500000000000000e-07
list(tmp1 tmp2 tmp3 tmp4)
)
list(tmp1 tmp2)
)
tmp1->signal = nil
tmp1->scriptFile = ""
tmp1->type2 = nil
tmp1->evalType = nil
tmp1->displayIt = nil
tmp1->internalName = nil
tmp1->masterName = nil
tmp1->masterScriptFile = nil
tmp1->saveScriptFile = nil
tmp1->updatedScriptFile = nil
tmp1->saveMasterScriptFile = nil
tmp1->isReferenced = nil
tmp1->lastEvalTime = nil
tmp1->origin = nil
tmp1->sweepSet = nil
tmp1->depList = nil
tmp1->type = nil
tmp1->areaTable = nil
tmp1->selectionDetail = nil
tmp1->value = nil
tmp1->plot = 't
tmp1->save = nil
tmp1->march = nil
tmp1->implicit = nil
tmp1->index = 9
tmp1->timeStamp = nil
tmp1->graphType = nil
tmp1->yaxisLabel = nil
tmp1->label = nil
tmp1->yaxisUnit = nil
tmp1->waveSpec = nil
tmp1->uniqueName = "'00010"
tmp1->inValidObject = (let
(tmp1 tmp2)
tmp1 = 't
tmp2 = "'00010"
list(tmp1 tmp2)
)
list(tmp1)
)
_outputList = nconc( _outputList savedComponent) 
savedComponent = nil 
savedComponent = (let
(tmp1)
(unless tmp1
tmp1 = make_sevOutputStruct()
)
(unless tmp1
tmp1 = (ncons nil)
)
tmp1->definedIn = ""
tmp1->name = "'10010"
tmp1->expression = (let
(tmp1 tmp2)
tmp1 = 'average
tmp2 = (let
(tmp1 tmp2 tmp3 tmp4)
tmp1 = 'clip
tmp2 = (let
(tmp1 tmp2 tmp3 tmp4)
tmp1 = 'getData
tmp2 = ":pwr"
tmp3 = '?result
tmp4 = "tran"
list(tmp1 tmp2 tmp3 tmp4)
)
tmp3 = 1.4499999999999999e-07
tmp4 = 1.5099999999999999e-07
list(tmp1 tmp2 tmp3 tmp4)
)
list(tmp1 tmp2)
)
tmp1->signal = nil
tmp1->scriptFile = ""
tmp1->type2 = nil
tmp1->evalType = nil
tmp1->displayIt = 't
tmp1->internalName = nil
tmp1->masterName = nil
tmp1->masterScriptFile = nil
tmp1->saveScriptFile = nil
tmp1->updatedScriptFile = nil
tmp1->saveMasterScriptFile = nil
tmp1->isReferenced = nil
tmp1->lastEvalTime = nil
tmp1->origin = nil
tmp1->sweepSet = nil
tmp1->depList = nil
tmp1->type = nil
tmp1->areaTable = nil
tmp1->selectionDetail = nil
tmp1->value = nil
tmp1->plot = 't
tmp1->save = nil
tmp1->march = nil
tmp1->implicit = nil
tmp1->index = 10
tmp1->timeStamp = nil
tmp1->graphType = nil
tmp1->yaxisLabel = nil
tmp1->label = nil
tmp1->yaxisUnit = nil
tmp1->waveSpec = nil
tmp1->uniqueName = "'10010"
tmp1->inValidObject = (let
(tmp1 tmp2)
tmp1 = 't
tmp2 = "'10010"
list(tmp1 tmp2)
)
list(tmp1)
)
_outputList = nconc( _outputList savedComponent) 
savedComponent = nil 
savedComponent = (let
(tmp1)
(unless tmp1
tmp1 = make_sevOutputStruct()
)
(unless tmp1
tmp1 = (ncons nil)
)
tmp1->definedIn = ""
tmp1->name = "'01010"
tmp1->expression = (let
(tmp1 tmp2)
tmp1 = 'average
tmp2 = (let
(tmp1 tmp2 tmp3 tmp4)
tmp1 = 'clip
tmp2 = (let
(tmp1 tmp2 tmp3 tmp4)
tmp1 = 'getData
tmp2 = ":pwr"
tmp3 = '?result
tmp4 = "tran"
list(tmp1 tmp2 tmp3 tmp4)
)
tmp3 = 1.6100000000000000e-07
tmp4 = 1.6700000000000000e-07
list(tmp1 tmp2 tmp3 tmp4)
)
list(tmp1 tmp2)
)
tmp1->signal = nil
tmp1->scriptFile = ""
tmp1->type2 = nil
tmp1->evalType = nil
tmp1->displayIt = 't
tmp1->internalName = nil
tmp1->masterName = nil
tmp1->masterScriptFile = nil
tmp1->saveScriptFile = nil
tmp1->updatedScriptFile = nil
tmp1->saveMasterScriptFile = nil
tmp1->isReferenced = nil
tmp1->lastEvalTime = nil
tmp1->origin = nil
tmp1->sweepSet = nil
tmp1->depList = nil
tmp1->type = nil
tmp1->areaTable = nil
tmp1->selectionDetail = nil
tmp1->value = nil
tmp1->plot = 't
tmp1->save = nil
tmp1->march = nil
tmp1->implicit = nil
tmp1->index = 11
tmp1->timeStamp = nil
tmp1->graphType = nil
tmp1->yaxisLabel = nil
tmp1->label = nil
tmp1->yaxisUnit = nil
tmp1->waveSpec = nil
tmp1->uniqueName = "'01010"
tmp1->inValidObject = (let
(tmp1 tmp2)
tmp1 = 't
tmp2 = "'01010"
list(tmp1 tmp2)
)
list(tmp1)
)
_outputList = nconc( _outputList savedComponent) 
savedComponent = nil 
savedComponent = (let
(tmp1)
(unless tmp1
tmp1 = make_sevOutputStruct()
)
(unless tmp1
tmp1 = (ncons nil)
)
tmp1->definedIn = ""
tmp1->name = "'11010"
tmp1->expression = (let
(tmp1 tmp2)
tmp1 = 'average
tmp2 = (let
(tmp1 tmp2 tmp3 tmp4)
tmp1 = 'clip
tmp2 = (let
(tmp1 tmp2 tmp3 tmp4)
tmp1 = 'getData
tmp2 = ":pwr"
tmp3 = '?result
tmp4 = "tran"
list(tmp1 tmp2 tmp3 tmp4)
)
tmp3 = 1.7700000000000001e-07
tmp4 = 1.8300000000000001e-07
list(tmp1 tmp2 tmp3 tmp4)
)
list(tmp1 tmp2)
)
tmp1->signal = nil
tmp1->scriptFile = ""
tmp1->type2 = nil
tmp1->evalType = nil
tmp1->displayIt = 't
tmp1->internalName = nil
tmp1->masterName = nil
tmp1->masterScriptFile = nil
tmp1->saveScriptFile = nil
tmp1->updatedScriptFile = nil
tmp1->saveMasterScriptFile = nil
tmp1->isReferenced = nil
tmp1->lastEvalTime = nil
tmp1->origin = nil
tmp1->sweepSet = nil
tmp1->depList = nil
tmp1->type = nil
tmp1->areaTable = nil
tmp1->selectionDetail = nil
tmp1->value = nil
tmp1->plot = 't
tmp1->save = nil
tmp1->march = nil
tmp1->implicit = nil
tmp1->index = 12
tmp1->timeStamp = nil
tmp1->graphType = nil
tmp1->yaxisLabel = nil
tmp1->label = nil
tmp1->yaxisUnit = nil
tmp1->waveSpec = nil
tmp1->uniqueName = "'11010"
tmp1->inValidObject = (let
(tmp1 tmp2)
tmp1 = 't
tmp2 = "'11010"
list(tmp1 tmp2)
)
list(tmp1)
)
_outputList = nconc( _outputList savedComponent) 
savedComponent = nil 
savedComponent = (let
(tmp1)
(unless tmp1
tmp1 = make_sevOutputStruct()
)
(unless tmp1
tmp1 = (ncons nil)
)
tmp1->definedIn = ""
tmp1->name = "'00110"
tmp1->expression = (let
(tmp1 tmp2)
tmp1 = 'average
tmp2 = (let
(tmp1 tmp2 tmp3 tmp4)
tmp1 = 'clip
tmp2 = (let
(tmp1 tmp2 tmp3 tmp4)
tmp1 = 'getData
tmp2 = ":pwr"
tmp3 = '?result
tmp4 = "tran"
list(tmp1 tmp2 tmp3 tmp4)
)
tmp3 = 1.9299999999999999e-07
tmp4 = 1.9900000000000000e-07
list(tmp1 tmp2 tmp3 tmp4)
)
list(tmp1 tmp2)
)
tmp1->signal = nil
tmp1->scriptFile = ""
tmp1->type2 = nil
tmp1->evalType = nil
tmp1->displayIt = nil
tmp1->internalName = nil
tmp1->masterName = nil
tmp1->masterScriptFile = nil
tmp1->saveScriptFile = nil
tmp1->updatedScriptFile = nil
tmp1->saveMasterScriptFile = nil
tmp1->isReferenced = nil
tmp1->lastEvalTime = nil
tmp1->origin = nil
tmp1->sweepSet = nil
tmp1->depList = nil
tmp1->type = nil
tmp1->areaTable = nil
tmp1->selectionDetail = nil
tmp1->value = nil
tmp1->plot = 't
tmp1->save = nil
tmp1->march = nil
tmp1->implicit = nil
tmp1->index = 13
tmp1->timeStamp = nil
tmp1->graphType = nil
tmp1->yaxisLabel = nil
tmp1->label = nil
tmp1->yaxisUnit = nil
tmp1->waveSpec = nil
tmp1->uniqueName = "'00110"
tmp1->inValidObject = (let
(tmp1 tmp2)
tmp1 = 't
tmp2 = "'00110"
list(tmp1 tmp2)
)
list(tmp1)
)
_outputList = nconc( _outputList savedComponent) 
savedComponent = nil 
savedComponent = (let
(tmp1)
(unless tmp1
tmp1 = make_sevOutputStruct()
)
(unless tmp1
tmp1 = (ncons nil)
)
tmp1->definedIn = ""
tmp1->name = "'10110"
tmp1->expression = (let
(tmp1 tmp2)
tmp1 = 'average
tmp2 = (let
(tmp1 tmp2 tmp3 tmp4)
tmp1 = 'clip
tmp2 = (let
(tmp1 tmp2 tmp3 tmp4)
tmp1 = 'getData
tmp2 = ":pwr"
tmp3 = '?result
tmp4 = "tran"
list(tmp1 tmp2 tmp3 tmp4)
)
tmp3 = 2.0900000000000001e-07
tmp4 = 2.1500000000000001e-07
list(tmp1 tmp2 tmp3 tmp4)
)
list(tmp1 tmp2)
)
tmp1->signal = nil
tmp1->scriptFile = ""
tmp1->type2 = nil
tmp1->evalType = nil
tmp1->displayIt = nil
tmp1->internalName = nil
tmp1->masterName = nil
tmp1->masterScriptFile = nil
tmp1->saveScriptFile = nil
tmp1->updatedScriptFile = nil
tmp1->saveMasterScriptFile = nil
tmp1->isReferenced = nil
tmp1->lastEvalTime = nil
tmp1->origin = nil
tmp1->sweepSet = nil
tmp1->depList = nil
tmp1->type = nil
tmp1->areaTable = nil
tmp1->selectionDetail = nil
tmp1->value = nil
tmp1->plot = 't
tmp1->save = nil
tmp1->march = nil
tmp1->implicit = nil
tmp1->index = 14
tmp1->timeStamp = nil
tmp1->graphType = nil
tmp1->yaxisLabel = nil
tmp1->label = nil
tmp1->yaxisUnit = nil
tmp1->waveSpec = nil
tmp1->uniqueName = "'10110"
tmp1->inValidObject = (let
(tmp1 tmp2)
tmp1 = 't
tmp2 = "'10110"
list(tmp1 tmp2)
)
list(tmp1)
)
_outputList = nconc( _outputList savedComponent) 
savedComponent = nil 
savedComponent = (let
(tmp1)
(unless tmp1
tmp1 = make_sevOutputStruct()
)
(unless tmp1
tmp1 = (ncons nil)
)
tmp1->definedIn = ""
tmp1->name = "'01110"
tmp1->expression = (let
(tmp1 tmp2)
tmp1 = 'average
tmp2 = (let
(tmp1 tmp2 tmp3 tmp4)
tmp1 = 'clip
tmp2 = (let
(tmp1 tmp2 tmp3 tmp4)
tmp1 = 'getData
tmp2 = ":pwr"
tmp3 = '?result
tmp4 = "tran"
list(tmp1 tmp2 tmp3 tmp4)
)
tmp3 = 2.2499999999999999e-07
tmp4 = 2.3099999999999999e-07
list(tmp1 tmp2 tmp3 tmp4)
)
list(tmp1 tmp2)
)
tmp1->signal = nil
tmp1->scriptFile = ""
tmp1->type2 = nil
tmp1->evalType = nil
tmp1->displayIt = nil
tmp1->internalName = nil
tmp1->masterName = nil
tmp1->masterScriptFile = nil
tmp1->saveScriptFile = nil
tmp1->updatedScriptFile = nil
tmp1->saveMasterScriptFile = nil
tmp1->isReferenced = nil
tmp1->lastEvalTime = nil
tmp1->origin = nil
tmp1->sweepSet = nil
tmp1->depList = nil
tmp1->type = nil
tmp1->areaTable = nil
tmp1->selectionDetail = nil
tmp1->value = nil
tmp1->plot = 't
tmp1->save = nil
tmp1->march = nil
tmp1->implicit = nil
tmp1->index = 15
tmp1->timeStamp = nil
tmp1->graphType = nil
tmp1->yaxisLabel = nil
tmp1->label = nil
tmp1->yaxisUnit = nil
tmp1->waveSpec = nil
tmp1->uniqueName = "'01110"
tmp1->inValidObject = (let
(tmp1 tmp2)
tmp1 = 't
tmp2 = "'01110"
list(tmp1 tmp2)
)
list(tmp1)
)
_outputList = nconc( _outputList savedComponent) 
savedComponent = nil 
savedComponent = (let
(tmp1)
(unless tmp1
tmp1 = make_sevOutputStruct()
)
(unless tmp1
tmp1 = (ncons nil)
)
tmp1->definedIn = ""
tmp1->name = "'11110"
tmp1->expression = (let
(tmp1 tmp2)
tmp1 = 'average
tmp2 = (let
(tmp1 tmp2 tmp3 tmp4)
tmp1 = 'clip
tmp2 = (let
(tmp1 tmp2 tmp3 tmp4)
tmp1 = 'getData
tmp2 = ":pwr"
tmp3 = '?result
tmp4 = "tran"
list(tmp1 tmp2 tmp3 tmp4)
)
tmp3 = 2.4100000000000000e-07
tmp4 = 2.4699999999999998e-07
list(tmp1 tmp2 tmp3 tmp4)
)
list(tmp1 tmp2)
)
tmp1->signal = nil
tmp1->scriptFile = ""
tmp1->type2 = nil
tmp1->evalType = nil
tmp1->displayIt = 't
tmp1->internalName = nil
tmp1->masterName = nil
tmp1->masterScriptFile = nil
tmp1->saveScriptFile = nil
tmp1->updatedScriptFile = nil
tmp1->saveMasterScriptFile = nil
tmp1->isReferenced = nil
tmp1->lastEvalTime = nil
tmp1->origin = nil
tmp1->sweepSet = nil
tmp1->depList = nil
tmp1->type = nil
tmp1->areaTable = nil
tmp1->selectionDetail = nil
tmp1->value = nil
tmp1->plot = 't
tmp1->save = nil
tmp1->march = nil
tmp1->implicit = nil
tmp1->index = 16
tmp1->timeStamp = nil
tmp1->graphType = nil
tmp1->yaxisLabel = nil
tmp1->label = nil
tmp1->yaxisUnit = nil
tmp1->waveSpec = nil
tmp1->uniqueName = "'11110"
tmp1->inValidObject = (let
(tmp1 tmp2)
tmp1 = 't
tmp2 = "'11110"
list(tmp1 tmp2)
)
list(tmp1)
)
_outputList = nconc( _outputList savedComponent) 
savedComponent = nil 
savedComponent = (let
(tmp1)
(unless tmp1
tmp1 = make_sevOutputStruct()
)
(unless tmp1
tmp1 = (ncons nil)
)
tmp1->definedIn = ""
tmp1->name = "'00001"
tmp1->expression = (let
(tmp1 tmp2)
tmp1 = 'average
tmp2 = (let
(tmp1 tmp2 tmp3 tmp4)
tmp1 = 'clip
tmp2 = (let
(tmp1 tmp2 tmp3 tmp4)
tmp1 = 'getData
tmp2 = ":pwr"
tmp3 = '?result
tmp4 = "tran"
list(tmp1 tmp2 tmp3 tmp4)
)
tmp3 = 2.5699999999999999e-07
tmp4 = 2.6300000000000001e-07
list(tmp1 tmp2 tmp3 tmp4)
)
list(tmp1 tmp2)
)
tmp1->signal = nil
tmp1->scriptFile = ""
tmp1->type2 = nil
tmp1->evalType = nil
tmp1->displayIt = 't
tmp1->internalName = nil
tmp1->masterName = nil
tmp1->masterScriptFile = nil
tmp1->saveScriptFile = nil
tmp1->updatedScriptFile = nil
tmp1->saveMasterScriptFile = nil
tmp1->isReferenced = nil
tmp1->lastEvalTime = nil
tmp1->origin = nil
tmp1->sweepSet = nil
tmp1->depList = nil
tmp1->type = nil
tmp1->areaTable = nil
tmp1->selectionDetail = nil
tmp1->value = nil
tmp1->plot = 't
tmp1->save = nil
tmp1->march = nil
tmp1->implicit = nil
tmp1->index = 17
tmp1->timeStamp = nil
tmp1->graphType = nil
tmp1->yaxisLabel = nil
tmp1->label = nil
tmp1->yaxisUnit = nil
tmp1->waveSpec = nil
tmp1->uniqueName = "'00001"
tmp1->inValidObject = (let
(tmp1 tmp2)
tmp1 = 't
tmp2 = "'00001"
list(tmp1 tmp2)
)
list(tmp1)
)
_outputList = nconc( _outputList savedComponent) 
savedComponent = nil 
savedComponent = (let
(tmp1)
(unless tmp1
tmp1 = make_sevOutputStruct()
)
(unless tmp1
tmp1 = (ncons nil)
)
tmp1->definedIn = ""
tmp1->name = "'10001"
tmp1->expression = (let
(tmp1 tmp2)
tmp1 = 'average
tmp2 = (let
(tmp1 tmp2 tmp3 tmp4)
tmp1 = 'clip
tmp2 = (let
(tmp1 tmp2 tmp3 tmp4)
tmp1 = 'getData
tmp2 = ":pwr"
tmp3 = '?result
tmp4 = "tran"
list(tmp1 tmp2 tmp3 tmp4)
)
tmp3 = 2.7300000000000002e-07
tmp4 = 2.7900000000000000e-07
list(tmp1 tmp2 tmp3 tmp4)
)
list(tmp1 tmp2)
)
tmp1->signal = nil
tmp1->scriptFile = ""
tmp1->type2 = nil
tmp1->evalType = nil
tmp1->displayIt = 't
tmp1->internalName = nil
tmp1->masterName = nil
tmp1->masterScriptFile = nil
tmp1->saveScriptFile = nil
tmp1->updatedScriptFile = nil
tmp1->saveMasterScriptFile = nil
tmp1->isReferenced = nil
tmp1->lastEvalTime = nil
tmp1->origin = nil
tmp1->sweepSet = nil
tmp1->depList = nil
tmp1->type = nil
tmp1->areaTable = nil
tmp1->selectionDetail = nil
tmp1->value = nil
tmp1->plot = 't
tmp1->save = nil
tmp1->march = nil
tmp1->implicit = nil
tmp1->index = 18
tmp1->timeStamp = nil
tmp1->graphType = nil
tmp1->yaxisLabel = nil
tmp1->label = nil
tmp1->yaxisUnit = nil
tmp1->waveSpec = nil
tmp1->uniqueName = "'10001"
tmp1->inValidObject = (let
(tmp1 tmp2)
tmp1 = 't
tmp2 = "'10001"
list(tmp1 tmp2)
)
list(tmp1)
)
_outputList = nconc( _outputList savedComponent) 
savedComponent = nil 
savedComponent = (let
(tmp1)
(unless tmp1
tmp1 = make_sevOutputStruct()
)
(unless tmp1
tmp1 = (ncons nil)
)
tmp1->definedIn = ""
tmp1->name = "'01001"
tmp1->expression = (let
(tmp1 tmp2)
tmp1 = 'average
tmp2 = (let
(tmp1 tmp2 tmp3 tmp4)
tmp1 = 'clip
tmp2 = (let
(tmp1 tmp2 tmp3 tmp4)
tmp1 = 'getData
tmp2 = ":pwr"
tmp3 = '?result
tmp4 = "tran"
list(tmp1 tmp2 tmp3 tmp4)
)
tmp3 = 2.8900000000000001e-07
tmp4 = 2.9499999999999998e-07
list(tmp1 tmp2 tmp3 tmp4)
)
list(tmp1 tmp2)
)
tmp1->signal = nil
tmp1->scriptFile = ""
tmp1->type2 = nil
tmp1->evalType = nil
tmp1->displayIt = 't
tmp1->internalName = nil
tmp1->masterName = nil
tmp1->masterScriptFile = nil
tmp1->saveScriptFile = nil
tmp1->updatedScriptFile = nil
tmp1->saveMasterScriptFile = nil
tmp1->isReferenced = nil
tmp1->lastEvalTime = nil
tmp1->origin = nil
tmp1->sweepSet = nil
tmp1->depList = nil
tmp1->type = nil
tmp1->areaTable = nil
tmp1->selectionDetail = nil
tmp1->value = nil
tmp1->plot = 't
tmp1->save = nil
tmp1->march = nil
tmp1->implicit = nil
tmp1->index = 19
tmp1->timeStamp = nil
tmp1->graphType = nil
tmp1->yaxisLabel = nil
tmp1->label = nil
tmp1->yaxisUnit = nil
tmp1->waveSpec = nil
tmp1->uniqueName = "'01001"
tmp1->inValidObject = (let
(tmp1 tmp2)
tmp1 = 't
tmp2 = "'01001"
list(tmp1 tmp2)
)
list(tmp1)
)
_outputList = nconc( _outputList savedComponent) 
savedComponent = nil 
savedComponent = (let
(tmp1)
(unless tmp1
tmp1 = make_sevOutputStruct()
)
(unless tmp1
tmp1 = (ncons nil)
)
tmp1->definedIn = ""
tmp1->name = "'11001"
tmp1->expression = (let
(tmp1 tmp2)
tmp1 = 'average
tmp2 = (let
(tmp1 tmp2 tmp3 tmp4)
tmp1 = 'clip
tmp2 = (let
(tmp1 tmp2 tmp3 tmp4)
tmp1 = 'getData
tmp2 = ":pwr"
tmp3 = '?result
tmp4 = "tran"
list(tmp1 tmp2 tmp3 tmp4)
)
tmp3 = 3.0499999999999999e-07
tmp4 = 3.1100000000000002e-07
list(tmp1 tmp2 tmp3 tmp4)
)
list(tmp1 tmp2)
)
tmp1->signal = nil
tmp1->scriptFile = ""
tmp1->type2 = nil
tmp1->evalType = nil
tmp1->displayIt = 't
tmp1->internalName = nil
tmp1->masterName = nil
tmp1->masterScriptFile = nil
tmp1->saveScriptFile = nil
tmp1->updatedScriptFile = nil
tmp1->saveMasterScriptFile = nil
tmp1->isReferenced = nil
tmp1->lastEvalTime = nil
tmp1->origin = nil
tmp1->sweepSet = nil
tmp1->depList = nil
tmp1->type = nil
tmp1->areaTable = nil
tmp1->selectionDetail = nil
tmp1->value = nil
tmp1->plot = 't
tmp1->save = nil
tmp1->march = nil
tmp1->implicit = nil
tmp1->index = 20
tmp1->timeStamp = nil
tmp1->graphType = nil
tmp1->yaxisLabel = nil
tmp1->label = nil
tmp1->yaxisUnit = nil
tmp1->waveSpec = nil
tmp1->uniqueName = "'11001"
tmp1->inValidObject = (let
(tmp1 tmp2)
tmp1 = 't
tmp2 = "'11001"
list(tmp1 tmp2)
)
list(tmp1)
)
_outputList = nconc( _outputList savedComponent) 
savedComponent = nil 
savedComponent = (let
(tmp1)
(unless tmp1
tmp1 = make_sevOutputStruct()
)
(unless tmp1
tmp1 = (ncons nil)
)
tmp1->definedIn = ""
tmp1->name = "'00101"
tmp1->expression = (let
(tmp1 tmp2)
tmp1 = 'average
tmp2 = (let
(tmp1 tmp2 tmp3 tmp4)
tmp1 = 'clip
tmp2 = (let
(tmp1 tmp2 tmp3 tmp4)
tmp1 = 'getData
tmp2 = ":pwr"
tmp3 = '?result
tmp4 = "tran"
list(tmp1 tmp2 tmp3 tmp4)
)
tmp3 = 3.2099999999999998e-07
tmp4 = 3.2700000000000000e-07
list(tmp1 tmp2 tmp3 tmp4)
)
list(tmp1 tmp2)
)
tmp1->signal = nil
tmp1->scriptFile = ""
tmp1->type2 = nil
tmp1->evalType = nil
tmp1->displayIt = 't
tmp1->internalName = nil
tmp1->masterName = nil
tmp1->masterScriptFile = nil
tmp1->saveScriptFile = nil
tmp1->updatedScriptFile = nil
tmp1->saveMasterScriptFile = nil
tmp1->isReferenced = nil
tmp1->lastEvalTime = nil
tmp1->origin = nil
tmp1->sweepSet = nil
tmp1->depList = nil
tmp1->type = nil
tmp1->areaTable = nil
tmp1->selectionDetail = nil
tmp1->value = nil
tmp1->plot = 't
tmp1->save = nil
tmp1->march = nil
tmp1->implicit = nil
tmp1->index = 21
tmp1->timeStamp = nil
tmp1->graphType = nil
tmp1->yaxisLabel = nil
tmp1->label = nil
tmp1->yaxisUnit = nil
tmp1->waveSpec = nil
tmp1->uniqueName = "'00101"
tmp1->inValidObject = (let
(tmp1 tmp2)
tmp1 = 't
tmp2 = "'00101"
list(tmp1 tmp2)
)
list(tmp1)
)
_outputList = nconc( _outputList savedComponent) 
savedComponent = nil 
savedComponent = (let
(tmp1)
(unless tmp1
tmp1 = make_sevOutputStruct()
)
(unless tmp1
tmp1 = (ncons nil)
)
tmp1->definedIn = ""
tmp1->name = "'10101"
tmp1->expression = (let
(tmp1 tmp2)
tmp1 = 'average
tmp2 = (let
(tmp1 tmp2 tmp3 tmp4)
tmp1 = 'clip
tmp2 = (let
(tmp1 tmp2 tmp3 tmp4)
tmp1 = 'getData
tmp2 = ":pwr"
tmp3 = '?result
tmp4 = "tran"
list(tmp1 tmp2 tmp3 tmp4)
)
tmp3 = 3.3700000000000001e-07
tmp4 = 3.4299999999999999e-07
list(tmp1 tmp2 tmp3 tmp4)
)
list(tmp1 tmp2)
)
tmp1->signal = nil
tmp1->scriptFile = ""
tmp1->type2 = nil
tmp1->evalType = nil
tmp1->displayIt = 't
tmp1->internalName = nil
tmp1->masterName = nil
tmp1->masterScriptFile = nil
tmp1->saveScriptFile = nil
tmp1->updatedScriptFile = nil
tmp1->saveMasterScriptFile = nil
tmp1->isReferenced = nil
tmp1->lastEvalTime = nil
tmp1->origin = nil
tmp1->sweepSet = nil
tmp1->depList = nil
tmp1->type = nil
tmp1->areaTable = nil
tmp1->selectionDetail = nil
tmp1->value = nil
tmp1->plot = 't
tmp1->save = nil
tmp1->march = nil
tmp1->implicit = nil
tmp1->index = 22
tmp1->timeStamp = nil
tmp1->graphType = nil
tmp1->yaxisLabel = nil
tmp1->label = nil
tmp1->yaxisUnit = nil
tmp1->waveSpec = nil
tmp1->uniqueName = "'10101"
tmp1->inValidObject = (let
(tmp1 tmp2)
tmp1 = 't
tmp2 = "'10101"
list(tmp1 tmp2)
)
list(tmp1)
)
_outputList = nconc( _outputList savedComponent) 
savedComponent = nil 
savedComponent = (let
(tmp1)
(unless tmp1
tmp1 = make_sevOutputStruct()
)
(unless tmp1
tmp1 = (ncons nil)
)
tmp1->definedIn = ""
tmp1->name = "'01101"
tmp1->expression = (let
(tmp1 tmp2)
tmp1 = 'average
tmp2 = (let
(tmp1 tmp2 tmp3 tmp4)
tmp1 = 'clip
tmp2 = (let
(tmp1 tmp2 tmp3 tmp4)
tmp1 = 'getData
tmp2 = ":pwr"
tmp3 = '?result
tmp4 = "tran"
list(tmp1 tmp2 tmp3 tmp4)
)
tmp3 = 3.5300000000000000e-07
tmp4 = 3.5900000000000003e-07
list(tmp1 tmp2 tmp3 tmp4)
)
list(tmp1 tmp2)
)
tmp1->signal = nil
tmp1->scriptFile = ""
tmp1->type2 = nil
tmp1->evalType = nil
tmp1->displayIt = 't
tmp1->internalName = nil
tmp1->masterName = nil
tmp1->masterScriptFile = nil
tmp1->saveScriptFile = nil
tmp1->updatedScriptFile = nil
tmp1->saveMasterScriptFile = nil
tmp1->isReferenced = nil
tmp1->lastEvalTime = nil
tmp1->origin = nil
tmp1->sweepSet = nil
tmp1->depList = nil
tmp1->type = nil
tmp1->areaTable = nil
tmp1->selectionDetail = nil
tmp1->value = nil
tmp1->plot = 't
tmp1->save = nil
tmp1->march = nil
tmp1->implicit = nil
tmp1->index = 23
tmp1->timeStamp = nil
tmp1->graphType = nil
tmp1->yaxisLabel = nil
tmp1->label = nil
tmp1->yaxisUnit = nil
tmp1->waveSpec = nil
tmp1->uniqueName = "'01101"
tmp1->inValidObject = (let
(tmp1 tmp2)
tmp1 = 't
tmp2 = "'01101"
list(tmp1 tmp2)
)
list(tmp1)
)
_outputList = nconc( _outputList savedComponent) 
savedComponent = nil 
savedComponent = (let
(tmp1)
(unless tmp1
tmp1 = make_sevOutputStruct()
)
(unless tmp1
tmp1 = (ncons nil)
)
tmp1->definedIn = ""
tmp1->name = "'11101"
tmp1->expression = (let
(tmp1 tmp2)
tmp1 = 'average
tmp2 = (let
(tmp1 tmp2 tmp3 tmp4)
tmp1 = 'clip
tmp2 = (let
(tmp1 tmp2 tmp3 tmp4)
tmp1 = 'getData
tmp2 = ":pwr"
tmp3 = '?result
tmp4 = "tran"
list(tmp1 tmp2 tmp3 tmp4)
)
tmp3 = 3.6899999999999998e-07
tmp4 = 3.7500000000000001e-07
list(tmp1 tmp2 tmp3 tmp4)
)
list(tmp1 tmp2)
)
tmp1->signal = nil
tmp1->scriptFile = ""
tmp1->type2 = nil
tmp1->evalType = nil
tmp1->displayIt = 't
tmp1->internalName = nil
tmp1->masterName = nil
tmp1->masterScriptFile = nil
tmp1->saveScriptFile = nil
tmp1->updatedScriptFile = nil
tmp1->saveMasterScriptFile = nil
tmp1->isReferenced = nil
tmp1->lastEvalTime = nil
tmp1->origin = nil
tmp1->sweepSet = nil
tmp1->depList = nil
tmp1->type = nil
tmp1->areaTable = nil
tmp1->selectionDetail = nil
tmp1->value = nil
tmp1->plot = 't
tmp1->save = nil
tmp1->march = nil
tmp1->implicit = nil
tmp1->index = 24
tmp1->timeStamp = nil
tmp1->graphType = nil
tmp1->yaxisLabel = nil
tmp1->label = nil
tmp1->yaxisUnit = nil
tmp1->waveSpec = nil
tmp1->uniqueName = "'11101"
tmp1->inValidObject = (let
(tmp1 tmp2)
tmp1 = 't
tmp2 = "'11101"
list(tmp1 tmp2)
)
list(tmp1)
)
_outputList = nconc( _outputList savedComponent) 
savedComponent = nil 
savedComponent = (let
(tmp1)
(unless tmp1
tmp1 = make_sevOutputStruct()
)
(unless tmp1
tmp1 = (ncons nil)
)
tmp1->definedIn = ""
tmp1->name = "'00011"
tmp1->expression = (let
(tmp1 tmp2)
tmp1 = 'average
tmp2 = (let
(tmp1 tmp2 tmp3 tmp4)
tmp1 = 'clip
tmp2 = (let
(tmp1 tmp2 tmp3 tmp4)
tmp1 = 'getData
tmp2 = ":pwr"
tmp3 = '?result
tmp4 = "tran"
list(tmp1 tmp2 tmp3 tmp4)
)
tmp3 = 3.8500000000000002e-07
tmp4 = 3.9099999999999999e-07
list(tmp1 tmp2 tmp3 tmp4)
)
list(tmp1 tmp2)
)
tmp1->signal = nil
tmp1->scriptFile = ""
tmp1->type2 = nil
tmp1->evalType = nil
tmp1->displayIt = 't
tmp1->internalName = nil
tmp1->masterName = nil
tmp1->masterScriptFile = nil
tmp1->saveScriptFile = nil
tmp1->updatedScriptFile = nil
tmp1->saveMasterScriptFile = nil
tmp1->isReferenced = nil
tmp1->lastEvalTime = nil
tmp1->origin = nil
tmp1->sweepSet = nil
tmp1->depList = nil
tmp1->type = nil
tmp1->areaTable = nil
tmp1->selectionDetail = nil
tmp1->value = nil
tmp1->plot = 't
tmp1->save = nil
tmp1->march = nil
tmp1->implicit = nil
tmp1->index = 25
tmp1->timeStamp = nil
tmp1->graphType = nil
tmp1->yaxisLabel = nil
tmp1->label = nil
tmp1->yaxisUnit = nil
tmp1->waveSpec = nil
tmp1->uniqueName = "'00011"
tmp1->inValidObject = (let
(tmp1 tmp2)
tmp1 = 't
tmp2 = "'00011"
list(tmp1 tmp2)
)
list(tmp1)
)
_outputList = nconc( _outputList savedComponent) 
savedComponent = nil 
savedComponent = (let
(tmp1)
(unless tmp1
tmp1 = make_sevOutputStruct()
)
(unless tmp1
tmp1 = (ncons nil)
)
tmp1->definedIn = ""
tmp1->name = "'10011"
tmp1->expression = (let
(tmp1 tmp2)
tmp1 = 'average
tmp2 = (let
(tmp1 tmp2 tmp3 tmp4)
tmp1 = 'clip
tmp2 = (let
(tmp1 tmp2 tmp3 tmp4)
tmp1 = 'getData
tmp2 = ":pwr"
tmp3 = '?result
tmp4 = "tran"
list(tmp1 tmp2 tmp3 tmp4)
)
tmp3 = 4.0100000000000000e-07
tmp4 = 4.0699999999999998e-07
list(tmp1 tmp2 tmp3 tmp4)
)
list(tmp1 tmp2)
)
tmp1->signal = nil
tmp1->scriptFile = ""
tmp1->type2 = nil
tmp1->evalType = nil
tmp1->displayIt = 't
tmp1->internalName = nil
tmp1->masterName = nil
tmp1->masterScriptFile = nil
tmp1->saveScriptFile = nil
tmp1->updatedScriptFile = nil
tmp1->saveMasterScriptFile = nil
tmp1->isReferenced = nil
tmp1->lastEvalTime = nil
tmp1->origin = nil
tmp1->sweepSet = nil
tmp1->depList = nil
tmp1->type = nil
tmp1->areaTable = nil
tmp1->selectionDetail = nil
tmp1->value = nil
tmp1->plot = 't
tmp1->save = nil
tmp1->march = nil
tmp1->implicit = nil
tmp1->index = 26
tmp1->timeStamp = nil
tmp1->graphType = nil
tmp1->yaxisLabel = nil
tmp1->label = nil
tmp1->yaxisUnit = nil
tmp1->waveSpec = nil
tmp1->uniqueName = "'10011"
tmp1->inValidObject = (let
(tmp1 tmp2)
tmp1 = 't
tmp2 = "'10011"
list(tmp1 tmp2)
)
list(tmp1)
)
_outputList = nconc( _outputList savedComponent) 
savedComponent = nil 
savedComponent = (let
(tmp1)
(unless tmp1
tmp1 = make_sevOutputStruct()
)
(unless tmp1
tmp1 = (ncons nil)
)
tmp1->definedIn = ""
tmp1->name = "'01011"
tmp1->expression = (let
(tmp1 tmp2)
tmp1 = 'average
tmp2 = (let
(tmp1 tmp2 tmp3 tmp4)
tmp1 = 'clip
tmp2 = (let
(tmp1 tmp2 tmp3 tmp4)
tmp1 = 'getData
tmp2 = ":pwr"
tmp3 = '?result
tmp4 = "tran"
list(tmp1 tmp2 tmp3 tmp4)
)
tmp3 = 4.1699999999999999e-07
tmp4 = 4.2300000000000002e-07
list(tmp1 tmp2 tmp3 tmp4)
)
list(tmp1 tmp2)
)
tmp1->signal = nil
tmp1->scriptFile = ""
tmp1->type2 = nil
tmp1->evalType = nil
tmp1->displayIt = 't
tmp1->internalName = nil
tmp1->masterName = nil
tmp1->masterScriptFile = nil
tmp1->saveScriptFile = nil
tmp1->updatedScriptFile = nil
tmp1->saveMasterScriptFile = nil
tmp1->isReferenced = nil
tmp1->lastEvalTime = nil
tmp1->origin = nil
tmp1->sweepSet = nil
tmp1->depList = nil
tmp1->type = nil
tmp1->areaTable = nil
tmp1->selectionDetail = nil
tmp1->value = nil
tmp1->plot = 't
tmp1->save = nil
tmp1->march = nil
tmp1->implicit = nil
tmp1->index = 27
tmp1->timeStamp = nil
tmp1->graphType = nil
tmp1->yaxisLabel = nil
tmp1->label = nil
tmp1->yaxisUnit = nil
tmp1->waveSpec = nil
tmp1->uniqueName = "'01011"
tmp1->inValidObject = (let
(tmp1 tmp2)
tmp1 = 't
tmp2 = "'01011"
list(tmp1 tmp2)
)
list(tmp1)
)
_outputList = nconc( _outputList savedComponent) 
savedComponent = nil 
savedComponent = (let
(tmp1)
(unless tmp1
tmp1 = make_sevOutputStruct()
)
(unless tmp1
tmp1 = (ncons nil)
)
tmp1->definedIn = ""
tmp1->name = "'11011"
tmp1->expression = (let
(tmp1 tmp2)
tmp1 = 'average
tmp2 = (let
(tmp1 tmp2 tmp3 tmp4)
tmp1 = 'clip
tmp2 = (let
(tmp1 tmp2 tmp3 tmp4)
tmp1 = 'getData
tmp2 = ":pwr"
tmp3 = '?result
tmp4 = "tran"
list(tmp1 tmp2 tmp3 tmp4)
)
tmp3 = 4.3300000000000003e-07
tmp4 = 4.3900000000000000e-07
list(tmp1 tmp2 tmp3 tmp4)
)
list(tmp1 tmp2)
)
tmp1->signal = nil
tmp1->scriptFile = ""
tmp1->type2 = nil
tmp1->evalType = nil
tmp1->displayIt = 't
tmp1->internalName = nil
tmp1->masterName = nil
tmp1->masterScriptFile = nil
tmp1->saveScriptFile = nil
tmp1->updatedScriptFile = nil
tmp1->saveMasterScriptFile = nil
tmp1->isReferenced = nil
tmp1->lastEvalTime = nil
tmp1->origin = nil
tmp1->sweepSet = nil
tmp1->depList = nil
tmp1->type = nil
tmp1->areaTable = nil
tmp1->selectionDetail = nil
tmp1->value = nil
tmp1->plot = 't
tmp1->save = nil
tmp1->march = nil
tmp1->implicit = nil
tmp1->index = 28
tmp1->timeStamp = nil
tmp1->graphType = nil
tmp1->yaxisLabel = nil
tmp1->label = nil
tmp1->yaxisUnit = nil
tmp1->waveSpec = nil
tmp1->uniqueName = "'11011"
tmp1->inValidObject = (let
(tmp1 tmp2)
tmp1 = 't
tmp2 = "'11011"
list(tmp1 tmp2)
)
list(tmp1)
)
_outputList = nconc( _outputList savedComponent) 
savedComponent = nil 
savedComponent = (let
(tmp1)
(unless tmp1
tmp1 = make_sevOutputStruct()
)
(unless tmp1
tmp1 = (ncons nil)
)
tmp1->definedIn = ""
tmp1->name = "'00111"
tmp1->expression = (let
(tmp1 tmp2)
tmp1 = 'average
tmp2 = (let
(tmp1 tmp2 tmp3 tmp4)
tmp1 = 'clip
tmp2 = (let
(tmp1 tmp2 tmp3 tmp4)
tmp1 = 'getData
tmp2 = ":pwr"
tmp3 = '?result
tmp4 = "tran"
list(tmp1 tmp2 tmp3 tmp4)
)
tmp3 = 4.4900000000000001e-07
tmp4 = 4.5499999999999998e-07
list(tmp1 tmp2 tmp3 tmp4)
)
list(tmp1 tmp2)
)
tmp1->signal = nil
tmp1->scriptFile = ""
tmp1->type2 = nil
tmp1->evalType = nil
tmp1->displayIt = 't
tmp1->internalName = nil
tmp1->masterName = nil
tmp1->masterScriptFile = nil
tmp1->saveScriptFile = nil
tmp1->updatedScriptFile = nil
tmp1->saveMasterScriptFile = nil
tmp1->isReferenced = nil
tmp1->lastEvalTime = nil
tmp1->origin = nil
tmp1->sweepSet = nil
tmp1->depList = nil
tmp1->type = nil
tmp1->areaTable = nil
tmp1->selectionDetail = nil
tmp1->value = nil
tmp1->plot = 't
tmp1->save = nil
tmp1->march = nil
tmp1->implicit = nil
tmp1->index = 29
tmp1->timeStamp = nil
tmp1->graphType = nil
tmp1->yaxisLabel = nil
tmp1->label = nil
tmp1->yaxisUnit = nil
tmp1->waveSpec = nil
tmp1->uniqueName = "'00111"
tmp1->inValidObject = (let
(tmp1 tmp2)
tmp1 = 't
tmp2 = "'00111"
list(tmp1 tmp2)
)
list(tmp1)
)
_outputList = nconc( _outputList savedComponent) 
savedComponent = nil 
savedComponent = (let
(tmp1)
(unless tmp1
tmp1 = make_sevOutputStruct()
)
(unless tmp1
tmp1 = (ncons nil)
)
tmp1->definedIn = ""
tmp1->name = "'10111"
tmp1->expression = (let
(tmp1 tmp2)
tmp1 = 'average
tmp2 = (let
(tmp1 tmp2 tmp3 tmp4)
tmp1 = 'clip
tmp2 = (let
(tmp1 tmp2 tmp3 tmp4)
tmp1 = 'getData
tmp2 = ":pwr"
tmp3 = '?result
tmp4 = "tran"
list(tmp1 tmp2 tmp3 tmp4)
)
tmp3 = 4.6499999999999999e-07
tmp4 = 4.7100000000000002e-07
list(tmp1 tmp2 tmp3 tmp4)
)
list(tmp1 tmp2)
)
tmp1->signal = nil
tmp1->scriptFile = ""
tmp1->type2 = nil
tmp1->evalType = nil
tmp1->displayIt = 't
tmp1->internalName = nil
tmp1->masterName = nil
tmp1->masterScriptFile = nil
tmp1->saveScriptFile = nil
tmp1->updatedScriptFile = nil
tmp1->saveMasterScriptFile = nil
tmp1->isReferenced = nil
tmp1->lastEvalTime = nil
tmp1->origin = nil
tmp1->sweepSet = nil
tmp1->depList = nil
tmp1->type = nil
tmp1->areaTable = nil
tmp1->selectionDetail = nil
tmp1->value = nil
tmp1->plot = 't
tmp1->save = nil
tmp1->march = nil
tmp1->implicit = nil
tmp1->index = 30
tmp1->timeStamp = nil
tmp1->graphType = nil
tmp1->yaxisLabel = nil
tmp1->label = nil
tmp1->yaxisUnit = nil
tmp1->waveSpec = nil
tmp1->uniqueName = "'10111"
tmp1->inValidObject = (let
(tmp1 tmp2)
tmp1 = 't
tmp2 = "'10111"
list(tmp1 tmp2)
)
list(tmp1)
)
_outputList = nconc( _outputList savedComponent) 
savedComponent = nil 
savedComponent = (let
(tmp1)
(unless tmp1
tmp1 = make_sevOutputStruct()
)
(unless tmp1
tmp1 = (ncons nil)
)
tmp1->definedIn = ""
tmp1->name = "'01111"
tmp1->expression = (let
(tmp1 tmp2)
tmp1 = 'average
tmp2 = (let
(tmp1 tmp2 tmp3 tmp4)
tmp1 = 'clip
tmp2 = (let
(tmp1 tmp2 tmp3 tmp4)
tmp1 = 'getData
tmp2 = ":pwr"
tmp3 = '?result
tmp4 = "tran"
list(tmp1 tmp2 tmp3 tmp4)
)
tmp3 = 4.8100000000000003e-07
tmp4 = 4.8699999999999995e-07
list(tmp1 tmp2 tmp3 tmp4)
)
list(tmp1 tmp2)
)
tmp1->signal = nil
tmp1->scriptFile = ""
tmp1->type2 = nil
tmp1->evalType = nil
tmp1->displayIt = 't
tmp1->internalName = nil
tmp1->masterName = nil
tmp1->masterScriptFile = nil
tmp1->saveScriptFile = nil
tmp1->updatedScriptFile = nil
tmp1->saveMasterScriptFile = nil
tmp1->isReferenced = nil
tmp1->lastEvalTime = nil
tmp1->origin = nil
tmp1->sweepSet = nil
tmp1->depList = nil
tmp1->type = nil
tmp1->areaTable = nil
tmp1->selectionDetail = nil
tmp1->value = nil
tmp1->plot = 't
tmp1->save = nil
tmp1->march = nil
tmp1->implicit = nil
tmp1->index = 31
tmp1->timeStamp = nil
tmp1->graphType = nil
tmp1->yaxisLabel = nil
tmp1->label = nil
tmp1->yaxisUnit = nil
tmp1->waveSpec = nil
tmp1->uniqueName = "'01111"
tmp1->inValidObject = (let
(tmp1 tmp2)
tmp1 = 't
list(tmp1 tmp2)
)
list(tmp1)
)
_outputList = nconc( _outputList savedComponent) 
savedComponent = nil 
savedComponent = (let
(tmp1)
(unless tmp1
tmp1 = make_sevOutputStruct()
)
(unless tmp1
tmp1 = (ncons nil)
)
tmp1->definedIn = ""
tmp1->name = "'11111"
tmp1->expression = (let
(tmp1 tmp2)
tmp1 = 'average
tmp2 = (let
(tmp1 tmp2 tmp3 tmp4)
tmp1 = 'clip
tmp2 = (let
(tmp1 tmp2 tmp3 tmp4)
tmp1 = 'getData
tmp2 = ":pwr"
tmp3 = '?result
tmp4 = "tran"
list(tmp1 tmp2 tmp3 tmp4)
)
tmp3 = 4.9699999999999996e-07
tmp4 = 5.0299999999999999e-07
list(tmp1 tmp2 tmp3 tmp4)
)
list(tmp1 tmp2)
)
tmp1->signal = nil
tmp1->scriptFile = ""
tmp1->type2 = nil
tmp1->evalType = nil
tmp1->displayIt = nil
tmp1->internalName = nil
tmp1->masterName = nil
tmp1->masterScriptFile = nil
tmp1->saveScriptFile = nil
tmp1->updatedScriptFile = nil
tmp1->saveMasterScriptFile = nil
tmp1->isReferenced = nil
tmp1->lastEvalTime = nil
tmp1->origin = nil
tmp1->sweepSet = nil
tmp1->depList = nil
tmp1->type = nil
tmp1->areaTable = nil
tmp1->selectionDetail = nil
tmp1->value = nil
tmp1->plot = 't
tmp1->save = nil
tmp1->march = nil
tmp1->implicit = nil
tmp1->index = 32
tmp1->timeStamp = nil
tmp1->graphType = nil
tmp1->yaxisLabel = nil
tmp1->label = nil
tmp1->yaxisUnit = nil
tmp1->waveSpec = nil
tmp1->uniqueName = "'11111"
tmp1->inValidObject = nil
list(tmp1)
)
_outputList = nconc( _outputList savedComponent) 
savedComponent = nil 
_envSaveOptions = (let
(tmp1 tmp2 tmp3 tmp4 tmp5 tmp6 tmp7 tmp8 tmp9 tmp10 tmp11 tmp12 tmp13 tmp14 tmp15 tmp16 tmp17 tmp18 tmp19 tmp20 tmp21 tmp22 tmp23 tmp24 tmp25 tmp26 tmp27 tmp28 tmp29 tmp30 tmp31 tmp32 tmp33 tmp34 tmp35 tmp36 tmp37 tmp38 tmp39 tmp40 tmp41 tmp42 tmp43 tmp44)
tmp1 = (let
(tmp1 tmp2)
tmp1 = 'keepRegPcellLabel
tmp2 = ""
list(tmp1 tmp2)
)
tmp2 = (let
(tmp1 tmp2)
tmp1 = 'keepRegisteredPcell
tmp2 = 't
list(tmp1 tmp2)
)
tmp3 = (let
(tmp1 tmp2)
tmp1 = 'clearPcell
tmp2 = ""
list(tmp1 tmp2)
)
tmp4 = (let
(tmp1 tmp2)
tmp1 = 'savePcellSelect
tmp2 = ""
list(tmp1 tmp2)
)
tmp5 = (let
(tmp1 tmp2)
tmp1 = 'savePcell
tmp2 = ""
list(tmp1 tmp2)
)
tmp6 = (let
(tmp1 tmp2)
tmp1 = 'subcktoppoint
list(tmp1 tmp2)
)
tmp7 = (let
(tmp1 tmp2)
tmp1 = 'pcellFrame
tmp2 = ""
list(tmp1 tmp2)
)
tmp8 = (let
(tmp1 tmp2)
tmp1 = 'saveBySubcktInstances
tmp2 = (let
(tmp1)
tmp1 = (let
(tmp1 tmp2 tmp3 tmp4 tmp5 tmp6 tmp7 tmp8 tmp9 tmp10)
tmp1 = "<Click_here_to_add_an_Instance>"
tmp2 = ""
tmp3 = ""
tmp4 = ""
tmp5 = ""
tmp6 = ""
tmp7 = ""
tmp8 = ""
tmp9 = "all"
tmp10 = ""
list(tmp1 tmp2 tmp3 tmp4 tmp5 tmp6 tmp7 tmp8 tmp9 tmp10)
)
list(tmp1)
)
list(tmp1 tmp2)
)
tmp9 = (let
(tmp1 tmp2)
tmp1 = 'saveBySubcktFrame
tmp2 = ""
list(tmp1 tmp2)
)
tmp10 = (let
(tmp1 tmp2)
tmp1 = 'allcapInfo
list(tmp1 tmp2)
)
tmp11 = (let
(tmp1 tmp2)
tmp1 = 'simStatisticsInfo
list(tmp1 tmp2)
)
tmp12 = (let
(tmp1 tmp2)
tmp1 = 'extremesInfo
list(tmp1 tmp2)
)
tmp13 = (let
(tmp1 tmp2)
tmp1 = 'assertsInfo
list(tmp1 tmp2)
)
tmp14 = (let
(tmp1 tmp2)
tmp1 = 'designParamValInfo
tmp2 = 't
list(tmp1 tmp2)
)
tmp15 = (let
(tmp1 tmp2)
tmp1 = 'subcktsInfo
tmp2 = 't
list(tmp1 tmp2)
)
tmp16 = (let
(tmp1 tmp2)
tmp1 = 'primitivesInfo
tmp2 = 't
list(tmp1 tmp2)
)
tmp17 = (let
(tmp1 tmp2)
tmp1 = 'outputParamInfo
tmp2 = 't
list(tmp1 tmp2)
)
tmp18 = (let
(tmp1 tmp2)
tmp1 = 'elementInfo
tmp2 = 't
list(tmp1 tmp2)
)
tmp19 = (let
(tmp1 tmp2)
tmp1 = 'modelParamInfo
tmp2 = 't
list(tmp1 tmp2)
)
tmp20 = (let
(tmp1 tmp2)
tmp1 = 'fastViewOption
list(tmp1 tmp2)
)
tmp21 = (let
(tmp1 tmp2)
tmp1 = 'simOutputFormat
tmp2 = "psfxl"
list(tmp1 tmp2)
)
tmp22 = (let
(tmp1 tmp2)
tmp1 = 'outputFrame
tmp2 = ""
list(tmp1 tmp2)
)
tmp23 = (let
(tmp1 tmp2)
tmp1 = 'captab_intrinsic_cap_merge
list(tmp1 tmp2)
)
tmp24 = (let
(tmp1 tmp2)
tmp1 = 'captab_threshold
tmp2 = ""
list(tmp1 tmp2)
)
tmp25 = (let
(tmp1 tmp2)
tmp1 = 'captab_sort
tmp2 = "name"
list(tmp1 tmp2)
)
tmp26 = (let
(tmp1 tmp2)
tmp1 = 'captab_detail
tmp2 = "node"
list(tmp1 tmp2)
)
tmp27 = (let
(tmp1 tmp2)
tmp1 = 'infoOptions
tmp2 = (let
(tmp1 tmp2 tmp3 tmp4 tmp5 tmp6 tmp7 tmp8 tmp9 tmp10)
tmp1 = (let
(tmp1 tmp2 tmp3 tmp4 tmp5 tmp6 tmp7)
tmp1 = "modelParameter"
tmp2 = "models"
tmp3 = "rawfile"
tmp4 = ""
tmp5 = ""
tmp6 = ""
tmp7 = 't
list(tmp1 tmp2 tmp3 tmp4 tmp5 tmp6 tmp7)
)
tmp2 = (let
(tmp1 tmp2 tmp3 tmp4 tmp5 tmp6 tmp7)
tmp1 = "element"
tmp2 = "inst"
tmp3 = "rawfile"
tmp4 = ""
tmp5 = ""
tmp6 = ""
tmp7 = 't
list(tmp1 tmp2 tmp3 tmp4 tmp5 tmp6 tmp7)
)
tmp3 = (let
(tmp1 tmp2 tmp3 tmp4 tmp5 tmp6 tmp7)
tmp1 = "outputParameter"
tmp2 = "output"
tmp3 = "rawfile"
tmp4 = ""
tmp5 = ""
tmp6 = ""
tmp7 = 't
list(tmp1 tmp2 tmp3 tmp4 tmp5 tmp6 tmp7)
)
tmp4 = (let
(tmp1 tmp2 tmp3 tmp4 tmp5 tmp6 tmp7)
tmp1 = "designParamVals"
tmp2 = "parameters"
tmp3 = "rawfile"
tmp4 = ""
tmp5 = ""
tmp6 = ""
tmp7 = 't
list(tmp1 tmp2 tmp3 tmp4 tmp5 tmp6 tmp7)
)
tmp5 = (let
(tmp1 tmp2 tmp3 tmp4 tmp5 tmp6 tmp7)
tmp1 = "primitives"
tmp2 = "primitives"
tmp3 = "rawfile"
tmp4 = ""
tmp5 = ""
tmp6 = ""
tmp7 = 't
list(tmp1 tmp2 tmp3 tmp4 tmp5 tmp6 tmp7)
)
tmp6 = (let
(tmp1 tmp2 tmp3 tmp4 tmp5 tmp6 tmp7)
tmp1 = "subckts"
tmp2 = "subckts"
tmp3 = "rawfile"
tmp4 = ""
tmp5 = ""
tmp6 = ""
tmp7 = 't
list(tmp1 tmp2 tmp3 tmp4 tmp5 tmp6 tmp7)
)
tmp7 = (let
(tmp1 tmp2 tmp3 tmp4 tmp5 tmp6 tmp7)
tmp1 = "asserts"
tmp2 = "assert"
tmp3 = "rawfile"
tmp4 = ""
tmp5 = ""
tmp6 = ""
list(tmp1 tmp2 tmp3 tmp4 tmp5 tmp6 tmp7)
)
tmp8 = (let
(tmp1 tmp2 tmp3 tmp4 tmp5 tmp6 tmp7)
tmp1 = "extremeinfo"
tmp2 = "all"
tmp3 = "logfile"
tmp4 = ""
tmp5 = "yes"
tmp6 = ""
list(tmp1 tmp2 tmp3 tmp4 tmp5 tmp6 tmp7)
)
tmp9 = (let
(tmp1 tmp2 tmp3 tmp4 tmp5 tmp6 tmp7)
tmp1 = "simStatistics"
tmp2 = "simstat"
tmp3 = "rawfile"
tmp4 = ""
tmp5 = ""
tmp6 = ""
list(tmp1 tmp2 tmp3 tmp4 tmp5 tmp6 tmp7)
)
tmp10 = (let
(tmp1 tmp2 tmp3 tmp4 tmp5 tmp6 tmp7)
tmp1 = "<Click_To_Add>"
tmp2 = "none"
tmp3 = "rawfile"
tmp4 = ""
tmp5 = ""
tmp6 = ""
list(tmp1 tmp2 tmp3 tmp4 tmp5 tmp6 tmp7)
)
list(tmp1 tmp2 tmp3 tmp4 tmp5 tmp6 tmp7 tmp8 tmp9 tmp10)
)
list(tmp1 tmp2)
)
tmp28 = (let
(tmp1 tmp2)
tmp1 = 'infoFrame
tmp2 = ""
list(tmp1 tmp2)
)
tmp29 = (let
(tmp1 tmp2)
tmp1 = 'sumInfo_a
tmp2 = ""
list(tmp1 tmp2)
)
tmp30 = (let
(tmp1 tmp2)
tmp1 = 'time_window_a
tmp2 = ""
list(tmp1 tmp2)
)
tmp31 = (let
(tmp1 tmp2)
tmp1 = 'subcktiprobes
tmp2 = ""
list(tmp1 tmp2)
)
tmp32 = (let
(tmp1 tmp2)
tmp1 = 'signalNames
tmp2 = ""
list(tmp1 tmp2)
)
tmp33 = (let
(tmp1 tmp2)
tmp1 = 'timeWindow
tmp2 = ""
list(tmp1 tmp2)
)
tmp34 = (let
(tmp1 tmp2)
tmp1 = 'timeWindLabel
tmp2 = ""
list(tmp1 tmp2)
)
tmp35 = (let
(tmp1 tmp2)
tmp1 = 'enableTimeWindowSetup
list(tmp1 tmp2)
)
tmp36 = (let
(tmp1 tmp2)
tmp1 = 'timewindFrame
tmp2 = ""
list(tmp1 tmp2)
)
tmp37 = (let
(tmp1 tmp2)
tmp1 = 'saveahdlvars
tmp2 = ""
list(tmp1 tmp2)
)
tmp38 = (let
(tmp1 tmp2)
tmp1 = 'subcktprobelvl
tmp2 = ""
list(tmp1 tmp2)
)
tmp39 = (let
(tmp1 tmp2)
tmp1 = 'useprobes
tmp2 = ""
list(tmp1 tmp2)
)
tmp40 = (let
(tmp1 tmp2)
tmp1 = 'currents
tmp2 = ""
list(tmp1 tmp2)
)
tmp41 = (let
(tmp1 tmp2)
tmp1 = 'nestlvl
tmp2 = ""
list(tmp1 tmp2)
)
tmp42 = (let
(tmp1 tmp2)
tmp1 = 'pwr
tmp2 = "all"
list(tmp1 tmp2)
)
tmp43 = (let
(tmp1 tmp2)
tmp1 = 'save
tmp2 = "allpub"
list(tmp1 tmp2)
)
tmp44 = (let
(tmp1 tmp2)
tmp1 = 'saveFrame
tmp2 = ""
list(tmp1 tmp2)
)
list(tmp1 tmp2 tmp3 tmp4 tmp5 tmp6 tmp7 tmp8 tmp9 tmp10 tmp11 tmp12 tmp13 tmp14 tmp15 tmp16 tmp17 tmp18 tmp19 tmp20 tmp21 tmp22 tmp23 tmp24 tmp25 tmp26 tmp27 tmp28 tmp29 tmp30 tmp31 tmp32 tmp33 tmp34 tmp35 tmp36 tmp37 tmp38 tmp39 tmp40 tmp41 tmp42 tmp43 tmp44)
)
savedComponent = list( _outputList _envSaveOptions ) 
_outputList = 'unbound
 _envSaveOptions = 'unbound
